Archive member included because of file (symbol)

/Users/jorgerdz/pebble-dev/PebbleSDK-2.9/Pebble/lib/libpebble.a(tmpycZPtxpebble.o)
                              src/simply/simply_accel.c.12.o (accel_data_service_unsubscribe)

Discarded input sections

 .text          0x0000000000000000        0x0 /Users/jorgerdz/pebble-dev/PebbleSDK-2.9/arm-cs-tools/bin/../lib/gcc/arm-none-eabi/4.7.2/thumb2/crti.o
 .bss           0x0000000000000000        0x0 /Users/jorgerdz/pebble-dev/PebbleSDK-2.9/arm-cs-tools/bin/../lib/gcc/arm-none-eabi/4.7.2/thumb2/crti.o
 .init          0x0000000000000000        0x4 /Users/jorgerdz/pebble-dev/PebbleSDK-2.9/arm-cs-tools/bin/../lib/gcc/arm-none-eabi/4.7.2/thumb2/crti.o
 .fini          0x0000000000000000        0x4 /Users/jorgerdz/pebble-dev/PebbleSDK-2.9/arm-cs-tools/bin/../lib/gcc/arm-none-eabi/4.7.2/thumb2/crti.o
 .text          0x0000000000000000       0xc8 /Users/jorgerdz/pebble-dev/PebbleSDK-2.9/arm-cs-tools/bin/../lib/gcc/arm-none-eabi/4.7.2/thumb2/crtbegin.o
 .bss           0x0000000000000000       0x1c /Users/jorgerdz/pebble-dev/PebbleSDK-2.9/arm-cs-tools/bin/../lib/gcc/arm-none-eabi/4.7.2/thumb2/crtbegin.o
 .init_array    0x0000000000000000        0x4 /Users/jorgerdz/pebble-dev/PebbleSDK-2.9/arm-cs-tools/bin/../lib/gcc/arm-none-eabi/4.7.2/thumb2/crtbegin.o
 .fini_array    0x0000000000000000        0x4 /Users/jorgerdz/pebble-dev/PebbleSDK-2.9/arm-cs-tools/bin/../lib/gcc/arm-none-eabi/4.7.2/thumb2/crtbegin.o
 .eh_frame      0x0000000000000000        0x0 /Users/jorgerdz/pebble-dev/PebbleSDK-2.9/arm-cs-tools/bin/../lib/gcc/arm-none-eabi/4.7.2/thumb2/crtbegin.o
 .jcr           0x0000000000000000        0x0 /Users/jorgerdz/pebble-dev/PebbleSDK-2.9/arm-cs-tools/bin/../lib/gcc/arm-none-eabi/4.7.2/thumb2/crtbegin.o
 .tm_clone_table
                0x0000000000000000        0x0 /Users/jorgerdz/pebble-dev/PebbleSDK-2.9/arm-cs-tools/bin/../lib/gcc/arm-none-eabi/4.7.2/thumb2/crtbegin.o
 .text          0x0000000000000000        0x0 src/main.c.12.o
 .bss           0x0000000000000000        0x0 src/main.c.12.o
 .text          0x0000000000000000        0x0 src/simply/simply.c.12.o
 .bss           0x0000000000000000        0x0 src/simply/simply.c.12.o
 .text          0x0000000000000000        0x0 src/simply/simply_accel.c.12.o
 .bss           0x0000000000000000        0x0 src/simply/simply_accel.c.12.o
 .text          0x0000000000000000        0x0 src/simply/simply_menu.c.12.o
 .bss           0x0000000000000000        0x0 src/simply/simply_menu.c.12.o
 .text          0x0000000000000000        0x0 src/simply/simply_msg.c.12.o
 .bss           0x0000000000000000        0x0 src/simply/simply_msg.c.12.o
 .text          0x0000000000000000        0x0 src/simply/simply_res.c.12.o
 .bss           0x0000000000000000        0x0 src/simply/simply_res.c.12.o
 .text.id_filter
                0x0000000000000000        0xa src/simply/simply_res.c.12.o
 .text.simply_res_remove_image
                0x0000000000000000       0x24 src/simply/simply_res.c.12.o
 .text          0x0000000000000000        0x0 src/simply/simply_splash.c.12.o
 .bss           0x0000000000000000        0x0 src/simply/simply_splash.c.12.o
 .text          0x0000000000000000        0x0 src/simply/simply_stage.c.12.o
 .bss           0x0000000000000000        0x0 src/simply/simply_stage.c.12.o
 .text.id_filter
                0x0000000000000000        0xa src/simply/simply_stage.c.12.o
 .text.animation_filter
                0x0000000000000000        0xa src/simply/simply_stage.c.12.o
 .text.animation_element_filter
                0x0000000000000000        0xa src/simply/simply_stage.c.12.o
 .text          0x0000000000000000        0x0 src/simply/simply_ui.c.12.o
 .bss           0x0000000000000000        0x0 src/simply/simply_ui.c.12.o
 .text          0x0000000000000000        0x0 src/simply/simply_wakeup.c.12.o
 .bss           0x0000000000000000        0x0 src/simply/simply_wakeup.c.12.o
 .text          0x0000000000000000        0x0 src/simply/simply_window.c.12.o
 .bss           0x0000000000000000        0x0 src/simply/simply_window.c.12.o
 .text.simply_window_set_button
                0x0000000000000000       0x24 src/simply/simply_window.c.12.o
 .text          0x0000000000000000        0x0 src/simply/simply_window_stack.c.12.o
 .bss           0x0000000000000000        0x0 src/simply/simply_window_stack.c.12.o
 .text          0x0000000000000000        0x0 appinfo.auto.c.12.o
 .bss           0x0000000000000000        0x0 appinfo.auto.c.12.o
 .bss           0x0000000000000000        0x0 /Users/jorgerdz/pebble-dev/PebbleSDK-2.9/Pebble/lib/libpebble.a(tmpycZPtxpebble.o)
 .text.accel_data_service_subscribe__deprecated
                0x0000000000000000        0xc /Users/jorgerdz/pebble-dev/PebbleSDK-2.9/Pebble/lib/libpebble.a(tmpycZPtxpebble.o)
 .text.accel_service_set_samples_per_update
                0x0000000000000000        0xc /Users/jorgerdz/pebble-dev/PebbleSDK-2.9/Pebble/lib/libpebble.a(tmpycZPtxpebble.o)
[...]
Memory Configuration

Name             Origin             Length             Attributes
APP              0x0000000000000000 0x0000000000006000 xrw
*default*        0x0000000000000000 0xffffffffffffffff

Linker script and memory map

LOAD /Users/jorgerdz/pebble-dev/PebbleSDK-2.9/arm-cs-tools/bin/../lib/gcc/arm-none-eabi/4.7.2/thumb2/crti.o
LOAD /Users/jorgerdz/pebble-dev/PebbleSDK-2.9/arm-cs-tools/bin/../lib/gcc/arm-none-eabi/4.7.2/thumb2/crtbegin.o
LOAD src/main.c.12.o
LOAD src/simply/simply.c.12.o
LOAD src/simply/simply_accel.c.12.o
LOAD src/simply/simply_menu.c.12.o
LOAD src/simply/simply_msg.c.12.o
LOAD src/simply/simply_res.c.12.o
LOAD src/simply/simply_splash.c.12.o
LOAD src/simply/simply_stage.c.12.o
LOAD src/simply/simply_ui.c.12.o
LOAD src/simply/simply_wakeup.c.12.o
LOAD src/simply/simply_window.c.12.o
LOAD src/simply/simply_window_stack.c.12.o
LOAD appinfo.auto.c.12.o
LOAD /Users/jorgerdz/pebble-dev/PebbleSDK-2.9/Pebble/lib/libpebble.a
START GROUP
LOAD /Users/jorgerdz/pebble-dev/PebbleSDK-2.9/arm-cs-tools/bin/../lib/gcc/arm-none-eabi/4.7.2/thumb2/libgcc.a
LOAD /Users/jorgerdz/pebble-dev/PebbleSDK-2.9/arm-cs-tools/bin/../lib/gcc/arm-none-eabi/4.7.2/../../../../arm-none-eabi/lib/thumb2/libc.a
END GROUP
LOAD /Users/jorgerdz/pebble-dev/PebbleSDK-2.9/arm-cs-tools/bin/../lib/gcc/arm-none-eabi/4.7.2/thumb2/crtend.o
LOAD /Users/jorgerdz/pebble-dev/PebbleSDK-2.9/arm-cs-tools/bin/../lib/gcc/arm-none-eabi/4.7.2/thumb2/crtn.o

.header         0x0000000000000000       0x82
 *(.pbl_header)
 .pbl_header    0x0000000000000000       0x82 appinfo.auto.c.12.o
                0x0000000000000000                __pbl_app_info

.text           0x0000000000000084     0x2f2d
 *(.text)
 .text          0x0000000000000084       0x14 /Users/jorgerdz/pebble-dev/PebbleSDK-2.9/Pebble/lib/libpebble.a(tmpycZPtxpebble.o)
 *(.text.*)
 .text.startup.main
                0x0000000000000098       0x16 src/main.c.12.o
                0x0000000000000098                main
 .text.simply_init
                0x00000000000000ae       0x5c src/simply/simply.c.12.o
                0x00000000000000ae                simply_init
 .text.simply_deinit
                0x000000000000010a       0x38 src/simply/simply.c.12.o
                0x000000000000010a                simply_deinit
 .text.handle_accel_tap
                0x0000000000000142       0x1e src/simply/simply_accel.c.12.o
 .text.send_accel_data.isra.1
                0x0000000000000160       0x4a src/simply/simply_accel.c.12.o
 .text.handle_accel_data
                0x00000000000001aa        0x6 src/simply/simply_accel.c.12.o
 .text.accel_peek_timer_callback
                0x00000000000001b0       0x40 src/simply/simply_accel.c.12.o
 .text.simply_accel_handle_packet
                0x00000000000001f0       0x6c src/simply/simply_accel.c.12.o
                0x00000000000001f0                simply_accel_handle_packet
 .text.simply_accel_create
                0x000000000000025c       0x38 src/simply/simply_accel.c.12.o
                0x000000000000025c                simply_accel_create
 .text.simply_accel_destroy
                0x0000000000000294       0x20 src/simply/simply_accel.c.12.o
                0x0000000000000294                simply_accel_destroy
 .text.list1_remove
                0x00000000000002b4       0x32 src/simply/simply_menu.c.12.o
 .text.section_filter
                0x00000000000002e6        0xc src/simply/simply_menu.c.12.o
 .text.item_filter
                0x00000000000002f2       0x1a src/simply/simply_menu.c.12.o
 .text.menu_get_num_sections_callback
                0x000000000000030c        0x4 src/simply/simply_menu.c.12.o
 .text.destroy_section
                0x0000000000000310       0x30 src/simply/simply_menu.c.12.o
 .text.destroy_item
                0x0000000000000340       0x30 src/simply/simply_menu.c.12.o
 .text.window_unload
                0x0000000000000370       0x1c src/simply/simply_menu.c.12.o
 .text.mark_dirty
                0x000000000000038c        0xa src/simply/simply_menu.c.12.o
 .text.simply_menu_clear
                0x0000000000000396       0x28 src/simply/simply_menu.c.12.o
 .text.window_disappear
                0x00000000000003be       0x24 src/simply/simply_menu.c.12.o
 .text.window_appear
                0x00000000000003e2       0x14 src/simply/simply_menu.c.12.o
 .text.single_click_handler
                0x00000000000003f6       0x1a src/simply/simply_menu.c.12.o
 .text.strdup2  0x0000000000000410       0x28 src/simply/simply_menu.c.12.o
 .text.window_load
                0x0000000000000438       0xec src/simply/simply_menu.c.12.o
 .text.list1_find_prev.constprop.4
                0x0000000000000524       0x1c src/simply/simply_menu.c.12.o
 .text.click_config_provider
                0x0000000000000540       0x24 src/simply/simply_menu.c.12.o
 .text.add_item
                0x0000000000000564       0x58 src/simply/simply_menu.c.12.o
 .text.get_menu_section
                0x00000000000005bc       0x10 src/simply/simply_menu.c.12.o
 .text.menu_get_num_rows_callback
                0x00000000000005cc       0x12 src/simply/simply_menu.c.12.o
 *fill*         0x00000000000005de        0x2 
 .text.menu_get_header_height_callback
                0x00000000000005e0       0x24 src/simply/simply_menu.c.12.o
 .text.menu_select_long_click_callback
                0x0000000000000604       0x22 src/simply/simply_menu.c.12.o
 .text.menu_select_click_callback
                0x0000000000000626       0x22 src/simply/simply_menu.c.12.o
 .text.add_section
                0x0000000000000648       0x50 src/simply/simply_menu.c.12.o
 .text.request_menu_section.part.1
                0x0000000000000698       0x3e src/simply/simply_menu.c.12.o
 *fill*         0x00000000000006d6        0x2 
 .text.menu_draw_row_callback
                0x00000000000006d8       0xcc src/simply/simply_menu.c.12.o
 .text.menu_draw_header_callback
                0x00000000000007a4       0x52 src/simply/simply_menu.c.12.o
 *fill*         0x00000000000007f6        0x2 
 .text.simply_menu_handle_packet
                0x00000000000007f8      0x190 src/simply/simply_menu.c.12.o
                0x00000000000007f8                simply_menu_handle_packet
 .text.simply_menu_create
                0x0000000000000988       0x5c src/simply/simply_menu.c.12.o
                0x0000000000000988                simply_menu_create
 .text.simply_menu_destroy
                0x00000000000009e4       0x16 src/simply/simply_menu.c.12.o
                0x00000000000009e4                simply_menu_destroy
 .text.list1_remove
                0x00000000000009fa       0x32 src/simply/simply_msg.c.12.o
 .text.dropped_callback
                0x0000000000000a2c        0x2 src/simply/simply_msg.c.12.o
 .text.sent_callback
                0x0000000000000a2e        0x2 src/simply/simply_msg.c.12.o
 .text.send_msg
                0x0000000000000a30       0x30 src/simply/simply_msg.c.12.o
 .text.handle_packet
                0x0000000000000a60      0x188 src/simply/simply_msg.c.12.o
 .text.received_callback
                0x0000000000000be8       0x38 src/simply/simply_msg.c.12.o
 .text.send_msg_retry
                0x0000000000000c20       0xb4 src/simply/simply_msg.c.12.o
 .text.simply_msg_has_communicated
                0x0000000000000cd4        0xc src/simply/simply_msg.c.12.o
                0x0000000000000cd4                simply_msg_has_communicated
 .text.simply_msg_show_disconnected
                0x0000000000000ce0       0x58 src/simply/simply_msg.c.12.o
                0x0000000000000ce0                simply_msg_show_disconnected
 .text.failed_callback
                0x0000000000000d38       0x18 src/simply/simply_msg.c.12.o
 .text.simply_msg_create
                0x0000000000000d50       0x6c src/simply/simply_msg.c.12.o
                0x0000000000000d50                simply_msg_create
 .text.simply_msg_destroy
                0x0000000000000dbc       0x1c src/simply/simply_msg.c.12.o
                0x0000000000000dbc                simply_msg_destroy
 .text.simply_msg_send
                0x0000000000000dd8        0x4 src/simply/simply_msg.c.12.o
                0x0000000000000dd8                simply_msg_send
 .text.simply_msg_send_packet
                0x0000000000000ddc       0x84 src/simply/simply_msg.c.12.o
                0x0000000000000ddc                simply_msg_send_packet
 .text.list1_remove
                0x0000000000000e60       0x32 src/simply/simply_res.c.12.o
 .text.window_stack_schedule_top_window_render
                0x0000000000000e92       0x12 src/simply/simply_res.c.12.o
 .text.simply_res_add_bundled_image
                0x0000000000000ea4       0x40 src/simply/simply_res.c.12.o
                0x0000000000000ea4                simply_res_add_bundled_image
 .text.simply_res_add_image
                0x0000000000000ee4       0x88 src/simply/simply_res.c.12.o
                0x0000000000000ee4                simply_res_add_image
 .text.simply_res_auto_image
                0x0000000000000f6c       0x44 src/simply/simply_res.c.12.o
                0x0000000000000f6c                simply_res_auto_image
 .text.simply_res_add_custom_font
                0x0000000000000fb0       0x3e src/simply/simply_res.c.12.o
                0x0000000000000fb0                simply_res_add_custom_font
 .text.simply_res_auto_font
                0x0000000000000fee       0x2a src/simply/simply_res.c.12.o
                0x0000000000000fee                simply_res_auto_font
 .text.simply_res_clear
                0x0000000000001018       0x3c src/simply/simply_res.c.12.o
                0x0000000000001018                simply_res_clear
 .text.simply_res_create
                0x0000000000001054       0x2a src/simply/simply_res.c.12.o
                0x0000000000001054                simply_res_create
 .text.simply_res_destroy
                0x000000000000107e       0x12 src/simply/simply_res.c.12.o
                0x000000000000107e                simply_res_destroy
 .text.window_load
                0x0000000000001090       0x12 src/simply/simply_splash.c.12.o
 .text.layer_update_callback
                0x00000000000010a2       0x24 src/simply/simply_splash.c.12.o
                0x00000000000010a2                layer_update_callback
 *fill*         0x00000000000010c6        0x2 
 .text.simply_splash_create
                0x00000000000010c8       0x7c src/simply/simply_splash.c.12.o
                0x00000000000010c8                simply_splash_create
 .text.simply_splash_destroy
                0x0000000000001144       0x20 src/simply/simply_splash.c.12.o
                0x0000000000001144                simply_splash_destroy
 .text.window_disappear
                0x0000000000001164       0x1a src/simply/simply_splash.c.12.o
 .text.list1_remove
                0x000000000000117e       0x32 src/simply/simply_stage.c.12.o
 .text.GColor8Get
                0x00000000000011b0       0x16 src/simply/simply_stage.c.12.o
 .text.element_frame_getter
                0x00000000000011c6       0x10 src/simply/simply_stage.c.12.o
 .text.window_unload
                0x00000000000011d6       0x1e src/simply/simply_stage.c.12.o
 .text.simply_stage_update_ticker
                0x00000000000011f4       0x2c src/simply/simply_stage.c.12.o
 .text.handle_tick
                0x0000000000001220       0x12 src/simply/simply_stage.c.12.o
 .text.simply_stage_update
                0x0000000000001232        0xa src/simply/simply_stage.c.12.o
 .text.window_appear
                0x000000000000123c       0x1c src/simply/simply_stage.c.12.o
 .text.window_load
                0x0000000000001258       0x60 src/simply/simply_stage.c.12.o
 .text.malloc0  0x00000000000012b8       0x18 src/simply/simply_stage.c.12.o
 .text.simply_stage_remove_element
                0x00000000000012d0       0x24 src/simply/simply_stage.c.12.o
 .text.rect_element_draw_background.isra.1.part.2
                0x00000000000012f4       0x28 src/simply/simply_stage.c.12.o
 .text.rect_element_draw_border.isra.3.part.4
                0x000000000000131c       0x28 src/simply/simply_stage.c.12.o
 .text.simply_stage_set_element_frame.isra.9.part.10
                0x0000000000001344       0x1a src/simply/simply_stage.c.12.o
 .text.simply_stage_clear
                0x000000000000135e       0x62 src/simply/simply_stage.c.12.o
 .text.window_disappear
                0x00000000000013c0       0x24 src/simply/simply_stage.c.12.o
 .text.layer_update_callback
                0x00000000000013e4      0x2ac src/simply/simply_stage.c.12.o
 .text.element_frame_setter
                0x0000000000001690       0x34 src/simply/simply_stage.c.12.o
 .text.simply_stage_auto_element
                0x00000000000016c4       0x7c src/simply/simply_stage.c.12.o
 .text.animation_stopped
                0x0000000000001740       0x3e src/simply/simply_stage.c.12.o
 *fill*         0x000000000000177e        0x2 
 .text.simply_stage_handle_packet
                0x0000000000001780      0x298 src/simply/simply_stage.c.12.o
                0x0000000000001780                simply_stage_handle_packet
 .text.simply_stage_create
                0x0000000000001a18       0x58 src/simply/simply_stage.c.12.o
                0x0000000000001a18                simply_stage_create
 .text.simply_stage_destroy
                0x0000000000001a70       0x16 src/simply/simply_stage.c.12.o
                0x0000000000001a70                simply_stage_destroy
 .text.window_unload
                0x0000000000001a86       0x1e src/simply/simply_ui.c.12.o
 .text.window_disappear
                0x0000000000001aa4       0x1e src/simply/simply_ui.c.12.o
 .text.window_appear
                0x0000000000001ac2       0x14 src/simply/simply_ui.c.12.o
 .text.graphics_draw_bitmap_centered
                0x0000000000001ad6       0x60 src/simply/simply_ui.c.12.o
 .text.show_welcome_text
                0x0000000000001b36       0x18 src/simply/simply_ui.c.12.o
 *fill*         0x0000000000001b4e        0x2 
 .text.layer_update_callback
                0x0000000000001b50      0x478 src/simply/simply_ui.c.12.o
 .text.simply_ui_set_style
                0x0000000000001fc8       0x38 src/simply/simply_ui.c.12.o
                0x0000000000001fc8                simply_ui_set_style
 .text.window_load
                0x0000000000002000       0x68 src/simply/simply_ui.c.12.o
 .text.simply_ui_set_text
                0x0000000000002068       0x6a src/simply/simply_ui.c.12.o
                0x0000000000002068                simply_ui_set_text
 .text.simply_ui_clear
                0x00000000000020d2       0x4a src/simply/simply_ui.c.12.o
                0x00000000000020d2                simply_ui_clear
 .text.simply_ui_handle_packet
                0x000000000000211c       0x60 src/simply/simply_ui.c.12.o
                0x000000000000211c                simply_ui_handle_packet
 .text.simply_ui_create
                0x000000000000217c       0x68 src/simply/simply_ui.c.12.o
                0x000000000000217c                simply_ui_create
 .text.simply_ui_destroy
                0x00000000000021e4       0x2a src/simply/simply_ui.c.12.o
                0x00000000000021e4                simply_ui_destroy
 .text.wakeup_handler
                0x000000000000220e       0x1c src/simply/simply_wakeup.c.12.o
 .text.wakeup_set_timer_callback
                0x000000000000222a       0x20 src/simply/simply_wakeup.c.12.o
 *fill*         0x000000000000224a        0x2 
 .text.simply_wakeup_handle_packet
                0x000000000000224c       0xa4 src/simply/simply_wakeup.c.12.o
                0x000000000000224c                simply_wakeup_handle_packet
 .text.simply_wakeup_init
                0x00000000000022f0        0xc src/simply/simply_wakeup.c.12.o
                0x00000000000022f0                simply_wakeup_init
 .text.simply_window_single_click_handler
                0x00000000000022fc       0x54 src/simply/simply_window.c.12.o
                0x00000000000022fc                simply_window_single_click_handler
 .text.scroll_layer_set_click_config_provider_onto_window.constprop.4
                0x0000000000002350       0x30 src/simply/simply_window.c.12.o
 .text.click_config_provider
                0x0000000000002380       0x78 src/simply/simply_window.c.12.o
 .text.long_click_handler
                0x00000000000023f8       0x30 src/simply/simply_window.c.12.o
 .text.simply_window_set_scrollable
                0x0000000000002428       0x6c src/simply/simply_window.c.12.o
                0x0000000000002428                simply_window_set_scrollable
 .text.simply_window_set_fullscreen
                0x0000000000002494       0x68 src/simply/simply_window.c.12.o
                0x0000000000002494                simply_window_set_fullscreen
 .text.simply_window_set_background_color
                0x00000000000024fc        0x4 src/simply/simply_window.c.12.o
                0x00000000000024fc                simply_window_set_background_color
 .text.simply_window_set_action_bar
                0x0000000000002500       0x48 src/simply/simply_window.c.12.o
                0x0000000000002500                simply_window_set_action_bar
 .text.simply_window_set_action_bar_icon
                0x0000000000002548       0x3a src/simply/simply_window.c.12.o
                0x0000000000002548                simply_window_set_action_bar_icon
 .text.simply_window_set_action_bar_background_color
                0x0000000000002582       0x2e src/simply/simply_window.c.12.o
                0x0000000000002582                simply_window_set_action_bar_background_color
 .text.simply_window_action_bar_clear
                0x00000000000025b0       0x26 src/simply/simply_window.c.12.o
                0x00000000000025b0                simply_window_action_bar_clear
 .text.simply_window_load
                0x00000000000025d6       0x50 src/simply/simply_window.c.12.o
                0x00000000000025d6                simply_window_load
 .text.simply_window_unload
                0x0000000000002626       0x10 src/simply/simply_window.c.12.o
                0x0000000000002626                simply_window_unload
 .text.simply_window_handle_packet
                0x0000000000002636       0x86 src/simply/simply_window.c.12.o
                0x0000000000002636                simply_window_handle_packet
 .text.simply_window_init
                0x00000000000026bc       0x40 src/simply/simply_window.c.12.o
                0x00000000000026bc                simply_window_init
 .text.simply_window_deinit
                0x00000000000026fc       0x1a src/simply/simply_window.c.12.o
                0x00000000000026fc                simply_window_deinit
 *fill*         0x0000000000002716        0x2 
 .text.simply_window_stack_set_broadcast
                0x0000000000002718       0x10 src/simply/simply_window_stack.c.12.o
                0x0000000000002718                simply_window_stack_set_broadcast
 .text.simply_window_stack_get_top_window
                0x0000000000002728       0x20 src/simply/simply_window_stack.c.12.o
                0x0000000000002728                simply_window_stack_get_top_window
 .text.simply_window_stack_show
                0x0000000000002748       0x4e src/simply/simply_window_stack.c.12.o
                0x0000000000002748                simply_window_stack_show
 .text.simply_window_stack_pop
                0x0000000000002796       0x26 src/simply/simply_window_stack.c.12.o
                0x0000000000002796                simply_window_stack_pop
 .text.simply_window_stack_send_show
                0x00000000000027bc       0x2c src/simply/simply_window_stack.c.12.o
                0x00000000000027bc                simply_window_stack_send_show
 .text.simply_window_stack_send_hide
                0x00000000000027e8       0x40 src/simply/simply_window_stack.c.12.o
                0x00000000000027e8                simply_window_stack_send_hide
 .text.simply_window_stack_back
                0x0000000000002828       0x1a src/simply/simply_window_stack.c.12.o
                0x0000000000002828                simply_window_stack_back
 .text.simply_window_stack_handle_packet
                0x0000000000002842       0x4a src/simply/simply_window_stack.c.12.o
                0x0000000000002842                simply_window_stack_handle_packet
 .text.simply_window_stack_create
                0x000000000000288c       0x20 src/simply/simply_window_stack.c.12.o
                0x000000000000288c                simply_window_stack_create
 .text.simply_window_stack_destroy
                0x00000000000028ac       0x1c src/simply/simply_window_stack.c.12.o
                0x00000000000028ac                simply_window_stack_destroy
 .text.accel_data_service_unsubscribe
                0x00000000000028c8        0xc /Users/jorgerdz/pebble-dev/PebbleSDK-2.9/Pebble/lib/libpebble.a(tmpycZPtxpebble.o)
                0x00000000000028c8                accel_data_service_unsubscribe
 .text.accel_service_peek
                0x00000000000028d4        0xc /Users/jorgerdz/pebble-dev/PebbleSDK-2.9/Pebble/lib/libpebble.a(tmpycZPtxpebble.o)
                0x00000000000028d4                accel_service_peek
 .text.accel_service_set_sampling_rate
                0x00000000000028e0        0xc /Users/jorgerdz/pebble-dev/PebbleSDK-2.9/Pebble/lib/libpebble.a(tmpycZPtxpebble.o)
                0x00000000000028e0                accel_service_set_sampling_rate
 .text.accel_tap_service_subscribe
                0x00000000000028ec        0xc /Users/jorgerdz/pebble-dev/PebbleSDK-2.9/Pebble/lib/libpebble.a(tmpycZPtxpebble.o)
                0x00000000000028ec                accel_tap_service_subscribe
 .text.accel_tap_service_unsubscribe
                0x00000000000028f8        0xc /Users/jorgerdz/pebble-dev/PebbleSDK-2.9/Pebble/lib/libpebble.a(tmpycZPtxpebble.o)
                0x00000000000028f8                accel_tap_service_unsubscribe
 .text.action_bar_layer_add_to_window
                0x0000000000002904        0xc /Users/jorgerdz/pebble-dev/PebbleSDK-2.9/Pebble/lib/libpebble.a(tmpycZPtxpebble.o)
                0x0000000000002904                action_bar_layer_add_to_window
 .text.action_bar_layer_clear_icon
                0x0000000000002910        0xc /Users/jorgerdz/pebble-dev/PebbleSDK-2.9/Pebble/lib/libpebble.a(tmpycZPtxpebble.o)
                0x0000000000002910                action_bar_layer_clear_icon
 .text.action_bar_layer_create
                0x000000000000291c        0xc /Users/jorgerdz/pebble-dev/PebbleSDK-2.9/Pebble/lib/libpebble.a(tmpycZPtxpebble.o)
                0x000000000000291c                action_bar_layer_create
 .text.action_bar_layer_destroy
                0x0000000000002928        0xc /Users/jorgerdz/pebble-dev/PebbleSDK-2.9/Pebble/lib/libpebble.a(tmpycZPtxpebble.o)
                0x0000000000002928                action_bar_layer_destroy
 .text.action_bar_layer_remove_from_window
                0x0000000000002934        0xc /Users/jorgerdz/pebble-dev/PebbleSDK-2.9/Pebble/lib/libpebble.a(tmpycZPtxpebble.o)
                0x0000000000002934                action_bar_layer_remove_from_window
 .text.action_bar_layer_set_background_color
                0x0000000000002940        0xc /Users/jorgerdz/pebble-dev/PebbleSDK-2.9/Pebble/lib/libpebble.a(tmpycZPtxpebble.o)
                0x0000000000002940                action_bar_layer_set_background_color
 .text.action_bar_layer_set_click_config_provider
                0x000000000000294c        0xc /Users/jorgerdz/pebble-dev/PebbleSDK-2.9/Pebble/lib/libpebble.a(tmpycZPtxpebble.o)
                0x000000000000294c                action_bar_layer_set_click_config_provider
 .text.action_bar_layer_set_context
                0x0000000000002958        0xc /Users/jorgerdz/pebble-dev/PebbleSDK-2.9/Pebble/lib/libpebble.a(tmpycZPtxpebble.o)
                0x0000000000002958                action_bar_layer_set_context
 .text.action_bar_layer_set_icon
                0x0000000000002964        0xc /Users/jorgerdz/pebble-dev/PebbleSDK-2.9/Pebble/lib/libpebble.a(tmpycZPtxpebble.o)
                0x0000000000002964                action_bar_layer_set_icon
 .text.animation_schedule
                0x0000000000002970        0xc /Users/jorgerdz/pebble-dev/PebbleSDK-2.9/Pebble/lib/libpebble.a(tmpycZPtxpebble.o)
                0x0000000000002970                animation_schedule
 .text.animation_set_curve
                0x000000000000297c        0xc /Users/jorgerdz/pebble-dev/PebbleSDK-2.9/Pebble/lib/libpebble.a(tmpycZPtxpebble.o)
                0x000000000000297c                animation_set_curve
 .text.animation_set_duration
                0x0000000000002988        0xc /Users/jorgerdz/pebble-dev/PebbleSDK-2.9/Pebble/lib/libpebble.a(tmpycZPtxpebble.o)
                0x0000000000002988                animation_set_duration
 .text.animation_set_handlers
                0x0000000000002994        0xc /Users/jorgerdz/pebble-dev/PebbleSDK-2.9/Pebble/lib/libpebble.a(tmpycZPtxpebble.o)
                0x0000000000002994                animation_set_handlers
 .text.animation_unschedule
                0x00000000000029a0        0xc /Users/jorgerdz/pebble-dev/PebbleSDK-2.9/Pebble/lib/libpebble.a(tmpycZPtxpebble.o)
                0x00000000000029a0                animation_unschedule
 .text.app_event_loop
                0x00000000000029ac        0xc /Users/jorgerdz/pebble-dev/PebbleSDK-2.9/Pebble/lib/libpebble.a(tmpycZPtxpebble.o)
                0x00000000000029ac                app_event_loop
 .text.app_message_deregister_callbacks
                0x00000000000029b8        0xc /Users/jorgerdz/pebble-dev/PebbleSDK-2.9/Pebble/lib/libpebble.a(tmpycZPtxpebble.o)
                0x00000000000029b8                app_message_deregister_callbacks
 .text.app_message_open
                0x00000000000029c4        0xc /Users/jorgerdz/pebble-dev/PebbleSDK-2.9/Pebble/lib/libpebble.a(tmpycZPtxpebble.o)
                0x00000000000029c4                app_message_open
 .text.app_timer_cancel
                0x00000000000029d0        0xc /Users/jorgerdz/pebble-dev/PebbleSDK-2.9/Pebble/lib/libpebble.a(tmpycZPtxpebble.o)
                0x00000000000029d0                app_timer_cancel
 .text.app_timer_register
                0x00000000000029dc        0xc /Users/jorgerdz/pebble-dev/PebbleSDK-2.9/Pebble/lib/libpebble.a(tmpycZPtxpebble.o)
                0x00000000000029dc                app_timer_register
 .text.click_recognizer_get_button_id
                0x00000000000029e8        0xc /Users/jorgerdz/pebble-dev/PebbleSDK-2.9/Pebble/lib/libpebble.a(tmpycZPtxpebble.o)
                0x00000000000029e8                click_recognizer_get_button_id
 .text.dict_find
                0x00000000000029f4        0xc /Users/jorgerdz/pebble-dev/PebbleSDK-2.9/Pebble/lib/libpebble.a(tmpycZPtxpebble.o)
                0x00000000000029f4                dict_find
 .text.dict_write_data
                0x0000000000002a00        0xc /Users/jorgerdz/pebble-dev/PebbleSDK-2.9/Pebble/lib/libpebble.a(tmpycZPtxpebble.o)
                0x0000000000002a00                dict_write_data
 .text.fonts_get_system_font
                0x0000000000002a0c        0xc /Users/jorgerdz/pebble-dev/PebbleSDK-2.9/Pebble/lib/libpebble.a(tmpycZPtxpebble.o)
                0x0000000000002a0c                fonts_get_system_font
 .text.fonts_load_custom_font
                0x0000000000002a18        0xc /Users/jorgerdz/pebble-dev/PebbleSDK-2.9/Pebble/lib/libpebble.a(tmpycZPtxpebble.o)
                0x0000000000002a18                fonts_load_custom_font
 .text.fonts_unload_custom_font
                0x0000000000002a24        0xc /Users/jorgerdz/pebble-dev/PebbleSDK-2.9/Pebble/lib/libpebble.a(tmpycZPtxpebble.o)
                0x0000000000002a24                fonts_unload_custom_font
 .text.free     0x0000000000002a30        0xc /Users/jorgerdz/pebble-dev/PebbleSDK-2.9/Pebble/lib/libpebble.a(tmpycZPtxpebble.o)
                0x0000000000002a30                free
 .text.gbitmap_create_with_resource
                0x0000000000002a3c        0xc /Users/jorgerdz/pebble-dev/PebbleSDK-2.9/Pebble/lib/libpebble.a(tmpycZPtxpebble.o)
                0x0000000000002a3c                gbitmap_create_with_resource
 .text.gbitmap_destroy
                0x0000000000002a48        0xc /Users/jorgerdz/pebble-dev/PebbleSDK-2.9/Pebble/lib/libpebble.a(tmpycZPtxpebble.o)
                0x0000000000002a48                gbitmap_destroy
 .text.graphics_context_set_compositing_mode
                0x0000000000002a54        0xc /Users/jorgerdz/pebble-dev/PebbleSDK-2.9/Pebble/lib/libpebble.a(tmpycZPtxpebble.o)
                0x0000000000002a54                graphics_context_set_compositing_mode
 .text.graphics_context_set_fill_color
                0x0000000000002a60        0xc /Users/jorgerdz/pebble-dev/PebbleSDK-2.9/Pebble/lib/libpebble.a(tmpycZPtxpebble.o)
                0x0000000000002a60                graphics_context_set_fill_color
 .text.graphics_context_set_stroke_color
                0x0000000000002a6c        0xc /Users/jorgerdz/pebble-dev/PebbleSDK-2.9/Pebble/lib/libpebble.a(tmpycZPtxpebble.o)
                0x0000000000002a6c                graphics_context_set_stroke_color
 .text.graphics_context_set_text_color
                0x0000000000002a78        0xc /Users/jorgerdz/pebble-dev/PebbleSDK-2.9/Pebble/lib/libpebble.a(tmpycZPtxpebble.o)
                0x0000000000002a78                graphics_context_set_text_color
 .text.graphics_draw_bitmap_in_rect
                0x0000000000002a84        0xc /Users/jorgerdz/pebble-dev/PebbleSDK-2.9/Pebble/lib/libpebble.a(tmpycZPtxpebble.o)
                0x0000000000002a84                graphics_draw_bitmap_in_rect
 .text.graphics_draw_circle
                0x0000000000002a90        0xc /Users/jorgerdz/pebble-dev/PebbleSDK-2.9/Pebble/lib/libpebble.a(tmpycZPtxpebble.o)
                0x0000000000002a90                graphics_draw_circle
 .text.graphics_draw_round_rect
                0x0000000000002a9c        0xc /Users/jorgerdz/pebble-dev/PebbleSDK-2.9/Pebble/lib/libpebble.a(tmpycZPtxpebble.o)
                0x0000000000002a9c                graphics_draw_round_rect
 .text.graphics_fill_circle
                0x0000000000002aa8        0xc /Users/jorgerdz/pebble-dev/PebbleSDK-2.9/Pebble/lib/libpebble.a(tmpycZPtxpebble.o)
                0x0000000000002aa8                graphics_fill_circle
 .text.graphics_fill_rect
                0x0000000000002ab4        0xc /Users/jorgerdz/pebble-dev/PebbleSDK-2.9/Pebble/lib/libpebble.a(tmpycZPtxpebble.o)
                0x0000000000002ab4                graphics_fill_rect
 .text.inverter_layer_create
                0x0000000000002ac0        0xc /Users/jorgerdz/pebble-dev/PebbleSDK-2.9/Pebble/lib/libpebble.a(tmpycZPtxpebble.o)
                0x0000000000002ac0                inverter_layer_create
 .text.inverter_layer_destroy
                0x0000000000002acc        0xc /Users/jorgerdz/pebble-dev/PebbleSDK-2.9/Pebble/lib/libpebble.a(tmpycZPtxpebble.o)
                0x0000000000002acc                inverter_layer_destroy
 .text.inverter_layer_get_layer
                0x0000000000002ad8        0xc /Users/jorgerdz/pebble-dev/PebbleSDK-2.9/Pebble/lib/libpebble.a(tmpycZPtxpebble.o)
                0x0000000000002ad8                inverter_layer_get_layer
 .text.layer_add_child
                0x0000000000002ae4        0xc /Users/jorgerdz/pebble-dev/PebbleSDK-2.9/Pebble/lib/libpebble.a(tmpycZPtxpebble.o)
                0x0000000000002ae4                layer_add_child
 .text.layer_create_with_data
                0x0000000000002af0        0xc /Users/jorgerdz/pebble-dev/PebbleSDK-2.9/Pebble/lib/libpebble.a(tmpycZPtxpebble.o)
                0x0000000000002af0                layer_create_with_data
 .text.layer_destroy
                0x0000000000002afc        0xc /Users/jorgerdz/pebble-dev/PebbleSDK-2.9/Pebble/lib/libpebble.a(tmpycZPtxpebble.o)
                0x0000000000002afc                layer_destroy
 .text.layer_get_bounds
                0x0000000000002b08        0xc /Users/jorgerdz/pebble-dev/PebbleSDK-2.9/Pebble/lib/libpebble.a(tmpycZPtxpebble.o)
                0x0000000000002b08                layer_get_bounds
 .text.layer_get_data
                0x0000000000002b14        0xc /Users/jorgerdz/pebble-dev/PebbleSDK-2.9/Pebble/lib/libpebble.a(tmpycZPtxpebble.o)
                0x0000000000002b14                layer_get_data
 .text.layer_get_frame
                0x0000000000002b20        0xc /Users/jorgerdz/pebble-dev/PebbleSDK-2.9/Pebble/lib/libpebble.a(tmpycZPtxpebble.o)
                0x0000000000002b20                layer_get_frame
 .text.layer_get_window
                0x0000000000002b2c        0xc /Users/jorgerdz/pebble-dev/PebbleSDK-2.9/Pebble/lib/libpebble.a(tmpycZPtxpebble.o)
                0x0000000000002b2c                layer_get_window
 .text.layer_mark_dirty
                0x0000000000002b38        0xc /Users/jorgerdz/pebble-dev/PebbleSDK-2.9/Pebble/lib/libpebble.a(tmpycZPtxpebble.o)
                0x0000000000002b38                layer_mark_dirty
 .text.layer_remove_from_parent
                0x0000000000002b44        0xc /Users/jorgerdz/pebble-dev/PebbleSDK-2.9/Pebble/lib/libpebble.a(tmpycZPtxpebble.o)
                0x0000000000002b44                layer_remove_from_parent
 .text.layer_set_bounds
                0x0000000000002b50        0xc /Users/jorgerdz/pebble-dev/PebbleSDK-2.9/Pebble/lib/libpebble.a(tmpycZPtxpebble.o)
                0x0000000000002b50                layer_set_bounds
 .text.layer_set_frame
                0x0000000000002b5c        0xc /Users/jorgerdz/pebble-dev/PebbleSDK-2.9/Pebble/lib/libpebble.a(tmpycZPtxpebble.o)
                0x0000000000002b5c                layer_set_frame
 .text.layer_set_update_proc
                0x0000000000002b68        0xc /Users/jorgerdz/pebble-dev/PebbleSDK-2.9/Pebble/lib/libpebble.a(tmpycZPtxpebble.o)
                0x0000000000002b68                layer_set_update_proc
 .text.light_enable
                0x0000000000002b74        0xc /Users/jorgerdz/pebble-dev/PebbleSDK-2.9/Pebble/lib/libpebble.a(tmpycZPtxpebble.o)
                0x0000000000002b74                light_enable
 .text.light_enable_interaction
                0x0000000000002b80        0xc /Users/jorgerdz/pebble-dev/PebbleSDK-2.9/Pebble/lib/libpebble.a(tmpycZPtxpebble.o)
                0x0000000000002b80                light_enable_interaction
 .text.localtime
                0x0000000000002b8c        0xc /Users/jorgerdz/pebble-dev/PebbleSDK-2.9/Pebble/lib/libpebble.a(tmpycZPtxpebble.o)
                0x0000000000002b8c                localtime
 .text.malloc   0x0000000000002b98        0xc /Users/jorgerdz/pebble-dev/PebbleSDK-2.9/Pebble/lib/libpebble.a(tmpycZPtxpebble.o)
                0x0000000000002b98                malloc
 .text.memcpy   0x0000000000002ba4        0xc /Users/jorgerdz/pebble-dev/PebbleSDK-2.9/Pebble/lib/libpebble.a(tmpycZPtxpebble.o)
                0x0000000000002ba4                memcpy
 .text.memset   0x0000000000002bb0        0xc /Users/jorgerdz/pebble-dev/PebbleSDK-2.9/Pebble/lib/libpebble.a(tmpycZPtxpebble.o)
                0x0000000000002bb0                memset
 .text.menu_cell_basic_draw
                0x0000000000002bbc        0xc /Users/jorgerdz/pebble-dev/PebbleSDK-2.9/Pebble/lib/libpebble.a(tmpycZPtxpebble.o)
                0x0000000000002bbc                menu_cell_basic_draw
 .text.menu_cell_basic_header_draw
                0x0000000000002bc8        0xc /Users/jorgerdz/pebble-dev/PebbleSDK-2.9/Pebble/lib/libpebble.a(tmpycZPtxpebble.o)
                0x0000000000002bc8                menu_cell_basic_header_draw
 .text.menu_layer_create
                0x0000000000002bd4        0xc /Users/jorgerdz/pebble-dev/PebbleSDK-2.9/Pebble/lib/libpebble.a(tmpycZPtxpebble.o)
                0x0000000000002bd4                menu_layer_create
 .text.menu_layer_destroy
                0x0000000000002be0        0xc /Users/jorgerdz/pebble-dev/PebbleSDK-2.9/Pebble/lib/libpebble.a(tmpycZPtxpebble.o)
                0x0000000000002be0                menu_layer_destroy
 .text.menu_layer_get_layer
                0x0000000000002bec        0xc /Users/jorgerdz/pebble-dev/PebbleSDK-2.9/Pebble/lib/libpebble.a(tmpycZPtxpebble.o)
                0x0000000000002bec                menu_layer_get_layer
 .text.menu_layer_get_selected_index
                0x0000000000002bf8        0xc /Users/jorgerdz/pebble-dev/PebbleSDK-2.9/Pebble/lib/libpebble.a(tmpycZPtxpebble.o)
                0x0000000000002bf8                menu_layer_get_selected_index
 .text.menu_layer_reload_data
                0x0000000000002c04        0xc /Users/jorgerdz/pebble-dev/PebbleSDK-2.9/Pebble/lib/libpebble.a(tmpycZPtxpebble.o)
                0x0000000000002c04                menu_layer_reload_data
 .text.menu_layer_set_click_config_onto_window
                0x0000000000002c10        0xc /Users/jorgerdz/pebble-dev/PebbleSDK-2.9/Pebble/lib/libpebble.a(tmpycZPtxpebble.o)
                0x0000000000002c10                menu_layer_set_click_config_onto_window
 .text.menu_layer_set_selected_index
                0x0000000000002c1c        0xc /Users/jorgerdz/pebble-dev/PebbleSDK-2.9/Pebble/lib/libpebble.a(tmpycZPtxpebble.o)
                0x0000000000002c1c                menu_layer_set_selected_index
 .text.property_animation_create
                0x0000000000002c28        0xc /Users/jorgerdz/pebble-dev/PebbleSDK-2.9/Pebble/lib/libpebble.a(tmpycZPtxpebble.o)
                0x0000000000002c28                property_animation_create
 .text.property_animation_update_grect
                0x0000000000002c34        0xc /Users/jorgerdz/pebble-dev/PebbleSDK-2.9/Pebble/lib/libpebble.a(tmpycZPtxpebble.o)
                0x0000000000002c34                property_animation_update_grect
 .text.resource_get_handle
                0x0000000000002c40        0xc /Users/jorgerdz/pebble-dev/PebbleSDK-2.9/Pebble/lib/libpebble.a(tmpycZPtxpebble.o)
                0x0000000000002c40                resource_get_handle
 .text.scroll_layer_add_child
                0x0000000000002c4c        0xc /Users/jorgerdz/pebble-dev/PebbleSDK-2.9/Pebble/lib/libpebble.a(tmpycZPtxpebble.o)
                0x0000000000002c4c                scroll_layer_add_child
 .text.scroll_layer_create
                0x0000000000002c58        0xc /Users/jorgerdz/pebble-dev/PebbleSDK-2.9/Pebble/lib/libpebble.a(tmpycZPtxpebble.o)
                0x0000000000002c58                scroll_layer_create
 .text.scroll_layer_destroy
                0x0000000000002c64        0xc /Users/jorgerdz/pebble-dev/PebbleSDK-2.9/Pebble/lib/libpebble.a(tmpycZPtxpebble.o)
                0x0000000000002c64                scroll_layer_destroy
 .text.scroll_layer_get_content_offset
                0x0000000000002c70        0xc /Users/jorgerdz/pebble-dev/PebbleSDK-2.9/Pebble/lib/libpebble.a(tmpycZPtxpebble.o)
                0x0000000000002c70                scroll_layer_get_content_offset
 .text.scroll_layer_get_layer
                0x0000000000002c7c        0xc /Users/jorgerdz/pebble-dev/PebbleSDK-2.9/Pebble/lib/libpebble.a(tmpycZPtxpebble.o)
                0x0000000000002c7c                scroll_layer_get_layer
 .text.scroll_layer_set_click_config_onto_window
                0x0000000000002c88        0xc /Users/jorgerdz/pebble-dev/PebbleSDK-2.9/Pebble/lib/libpebble.a(tmpycZPtxpebble.o)
                0x0000000000002c88                scroll_layer_set_click_config_onto_window
 .text.scroll_layer_set_content_offset
                0x0000000000002c94        0xc /Users/jorgerdz/pebble-dev/PebbleSDK-2.9/Pebble/lib/libpebble.a(tmpycZPtxpebble.o)
                0x0000000000002c94                scroll_layer_set_content_offset
 .text.scroll_layer_set_content_size
                0x0000000000002ca0        0xc /Users/jorgerdz/pebble-dev/PebbleSDK-2.9/Pebble/lib/libpebble.a(tmpycZPtxpebble.o)
                0x0000000000002ca0                scroll_layer_set_content_size
 .text.scroll_layer_set_context
                0x0000000000002cac        0xc /Users/jorgerdz/pebble-dev/PebbleSDK-2.9/Pebble/lib/libpebble.a(tmpycZPtxpebble.o)
                0x0000000000002cac                scroll_layer_set_context
 .text.scroll_layer_set_frame
                0x0000000000002cb8        0xc /Users/jorgerdz/pebble-dev/PebbleSDK-2.9/Pebble/lib/libpebble.a(tmpycZPtxpebble.o)
                0x0000000000002cb8                scroll_layer_set_frame
 .text.strftime
                0x0000000000002cc4        0xc /Users/jorgerdz/pebble-dev/PebbleSDK-2.9/Pebble/lib/libpebble.a(tmpycZPtxpebble.o)
                0x0000000000002cc4                strftime
 .text.strlen   0x0000000000002cd0        0xc /Users/jorgerdz/pebble-dev/PebbleSDK-2.9/Pebble/lib/libpebble.a(tmpycZPtxpebble.o)
                0x0000000000002cd0                strlen
 .text.strncpy  0x0000000000002cdc        0xc /Users/jorgerdz/pebble-dev/PebbleSDK-2.9/Pebble/lib/libpebble.a(tmpycZPtxpebble.o)
                0x0000000000002cdc                strncpy
 .text.tick_timer_service_subscribe
                0x0000000000002ce8        0xc /Users/jorgerdz/pebble-dev/PebbleSDK-2.9/Pebble/lib/libpebble.a(tmpycZPtxpebble.o)
                0x0000000000002ce8                tick_timer_service_subscribe
 .text.tick_timer_service_unsubscribe
                0x0000000000002cf4        0xc /Users/jorgerdz/pebble-dev/PebbleSDK-2.9/Pebble/lib/libpebble.a(tmpycZPtxpebble.o)
                0x0000000000002cf4                tick_timer_service_unsubscribe
 .text.time     0x0000000000002d00        0xc /Users/jorgerdz/pebble-dev/PebbleSDK-2.9/Pebble/lib/libpebble.a(tmpycZPtxpebble.o)
                0x0000000000002d00                time
 .text.vibes_double_pulse
                0x0000000000002d0c        0xc /Users/jorgerdz/pebble-dev/PebbleSDK-2.9/Pebble/lib/libpebble.a(tmpycZPtxpebble.o)
                0x0000000000002d0c                vibes_double_pulse
 .text.vibes_long_pulse
                0x0000000000002d18        0xc /Users/jorgerdz/pebble-dev/PebbleSDK-2.9/Pebble/lib/libpebble.a(tmpycZPtxpebble.o)
                0x0000000000002d18                vibes_long_pulse
 .text.vibes_short_pulse
                0x0000000000002d24        0xc /Users/jorgerdz/pebble-dev/PebbleSDK-2.9/Pebble/lib/libpebble.a(tmpycZPtxpebble.o)
                0x0000000000002d24                vibes_short_pulse
 .text.window_create
                0x0000000000002d30        0xc /Users/jorgerdz/pebble-dev/PebbleSDK-2.9/Pebble/lib/libpebble.a(tmpycZPtxpebble.o)
                0x0000000000002d30                window_create
 .text.window_destroy
                0x0000000000002d3c        0xc /Users/jorgerdz/pebble-dev/PebbleSDK-2.9/Pebble/lib/libpebble.a(tmpycZPtxpebble.o)
                0x0000000000002d3c                window_destroy
 .text.window_get_click_config_provider
                0x0000000000002d48        0xc /Users/jorgerdz/pebble-dev/PebbleSDK-2.9/Pebble/lib/libpebble.a(tmpycZPtxpebble.o)
                0x0000000000002d48                window_get_click_config_provider
 .text.window_get_root_layer
                0x0000000000002d54        0xc /Users/jorgerdz/pebble-dev/PebbleSDK-2.9/Pebble/lib/libpebble.a(tmpycZPtxpebble.o)
                0x0000000000002d54                window_get_root_layer
 .text.window_set_background_color
                0x0000000000002d60        0xc /Users/jorgerdz/pebble-dev/PebbleSDK-2.9/Pebble/lib/libpebble.a(tmpycZPtxpebble.o)
                0x0000000000002d60                window_set_background_color
 .text.window_set_click_config_provider_with_context
                0x0000000000002d6c        0xc /Users/jorgerdz/pebble-dev/PebbleSDK-2.9/Pebble/lib/libpebble.a(tmpycZPtxpebble.o)
                0x0000000000002d6c                window_set_click_config_provider_with_context
 .text.window_set_fullscreen
                0x0000000000002d78        0xc /Users/jorgerdz/pebble-dev/PebbleSDK-2.9/Pebble/lib/libpebble.a(tmpycZPtxpebble.o)
                0x0000000000002d78                window_set_fullscreen
 .text.window_set_window_handlers
                0x0000000000002d84        0xc /Users/jorgerdz/pebble-dev/PebbleSDK-2.9/Pebble/lib/libpebble.a(tmpycZPtxpebble.o)
                0x0000000000002d84                window_set_window_handlers
 .text.window_stack_contains_window
                0x0000000000002d90        0xc /Users/jorgerdz/pebble-dev/PebbleSDK-2.9/Pebble/lib/libpebble.a(tmpycZPtxpebble.o)
                0x0000000000002d90                window_stack_contains_window
 .text.window_stack_get_top_window
                0x0000000000002d9c        0xc /Users/jorgerdz/pebble-dev/PebbleSDK-2.9/Pebble/lib/libpebble.a(tmpycZPtxpebble.o)
                0x0000000000002d9c                window_stack_get_top_window
 .text.window_stack_pop
                0x0000000000002da8        0xc /Users/jorgerdz/pebble-dev/PebbleSDK-2.9/Pebble/lib/libpebble.a(tmpycZPtxpebble.o)
                0x0000000000002da8                window_stack_pop
 .text.window_stack_pop_all
                0x0000000000002db4        0xc /Users/jorgerdz/pebble-dev/PebbleSDK-2.9/Pebble/lib/libpebble.a(tmpycZPtxpebble.o)
                0x0000000000002db4                window_stack_pop_all
 .text.window_stack_push
                0x0000000000002dc0        0xc /Users/jorgerdz/pebble-dev/PebbleSDK-2.9/Pebble/lib/libpebble.a(tmpycZPtxpebble.o)
                0x0000000000002dc0                window_stack_push
 .text.window_stack_remove
                0x0000000000002dcc        0xc /Users/jorgerdz/pebble-dev/PebbleSDK-2.9/Pebble/lib/libpebble.a(tmpycZPtxpebble.o)
                0x0000000000002dcc                window_stack_remove
 .text.window_get_user_data
                0x0000000000002dd8        0xc /Users/jorgerdz/pebble-dev/PebbleSDK-2.9/Pebble/lib/libpebble.a(tmpycZPtxpebble.o)
                0x0000000000002dd8                window_get_user_data
 .text.window_set_user_data
                0x0000000000002de4        0xc /Users/jorgerdz/pebble-dev/PebbleSDK-2.9/Pebble/lib/libpebble.a(tmpycZPtxpebble.o)
                0x0000000000002de4                window_set_user_data
 .text.app_message_outbox_begin
                0x0000000000002df0        0xc /Users/jorgerdz/pebble-dev/PebbleSDK-2.9/Pebble/lib/libpebble.a(tmpycZPtxpebble.o)
                0x0000000000002df0                app_message_outbox_begin
 .text.app_message_outbox_send
                0x0000000000002dfc        0xc /Users/jorgerdz/pebble-dev/PebbleSDK-2.9/Pebble/lib/libpebble.a(tmpycZPtxpebble.o)
                0x0000000000002dfc                app_message_outbox_send
 .text.app_message_register_inbox_dropped
                0x0000000000002e08        0xc /Users/jorgerdz/pebble-dev/PebbleSDK-2.9/Pebble/lib/libpebble.a(tmpycZPtxpebble.o)
                0x0000000000002e08                app_message_register_inbox_dropped
 .text.app_message_register_inbox_received
                0x0000000000002e14        0xc /Users/jorgerdz/pebble-dev/PebbleSDK-2.9/Pebble/lib/libpebble.a(tmpycZPtxpebble.o)
                0x0000000000002e14                app_message_register_inbox_received
 .text.app_message_register_outbox_failed
                0x0000000000002e20        0xc /Users/jorgerdz/pebble-dev/PebbleSDK-2.9/Pebble/lib/libpebble.a(tmpycZPtxpebble.o)
                0x0000000000002e20                app_message_register_outbox_failed
 .text.app_message_register_outbox_sent
                0x0000000000002e2c        0xc /Users/jorgerdz/pebble-dev/PebbleSDK-2.9/Pebble/lib/libpebble.a(tmpycZPtxpebble.o)
                0x0000000000002e2c                app_message_register_outbox_sent
 .text.app_message_set_context
                0x0000000000002e38        0xc /Users/jorgerdz/pebble-dev/PebbleSDK-2.9/Pebble/lib/libpebble.a(tmpycZPtxpebble.o)
                0x0000000000002e38                app_message_set_context
 .text.window_long_click_subscribe
                0x0000000000002e44        0xc /Users/jorgerdz/pebble-dev/PebbleSDK-2.9/Pebble/lib/libpebble.a(tmpycZPtxpebble.o)
                0x0000000000002e44                window_long_click_subscribe
 .text.window_set_click_context
                0x0000000000002e50        0xc /Users/jorgerdz/pebble-dev/PebbleSDK-2.9/Pebble/lib/libpebble.a(tmpycZPtxpebble.o)
                0x0000000000002e50                window_set_click_context
 .text.window_single_click_subscribe
                0x0000000000002e5c        0xc /Users/jorgerdz/pebble-dev/PebbleSDK-2.9/Pebble/lib/libpebble.a(tmpycZPtxpebble.o)
                0x0000000000002e5c                window_single_click_subscribe
 .text.graphics_draw_text
                0x0000000000002e68        0xc /Users/jorgerdz/pebble-dev/PebbleSDK-2.9/Pebble/lib/libpebble.a(tmpycZPtxpebble.o)
                0x0000000000002e68                graphics_draw_text
 .text.graphics_text_layout_get_content_size
                0x0000000000002e74        0xc /Users/jorgerdz/pebble-dev/PebbleSDK-2.9/Pebble/lib/libpebble.a(tmpycZPtxpebble.o)
                0x0000000000002e74                graphics_text_layout_get_content_size
 .text.accel_data_service_subscribe
                0x0000000000002e80        0xc /Users/jorgerdz/pebble-dev/PebbleSDK-2.9/Pebble/lib/libpebble.a(tmpycZPtxpebble.o)
                0x0000000000002e80                accel_data_service_subscribe
 .text.menu_layer_set_callbacks
                0x0000000000002e8c        0xc /Users/jorgerdz/pebble-dev/PebbleSDK-2.9/Pebble/lib/libpebble.a(tmpycZPtxpebble.o)
                0x0000000000002e8c                menu_layer_set_callbacks
 .text.gbitmap_create_blank
                0x0000000000002e98        0xc /Users/jorgerdz/pebble-dev/PebbleSDK-2.9/Pebble/lib/libpebble.a(tmpycZPtxpebble.o)
                0x0000000000002e98                gbitmap_create_blank
 .text.launch_reason
                0x0000000000002ea4        0xc /Users/jorgerdz/pebble-dev/PebbleSDK-2.9/Pebble/lib/libpebble.a(tmpycZPtxpebble.o)
                0x0000000000002ea4                launch_reason
 .text.wakeup_cancel
                0x0000000000002eb0        0xc /Users/jorgerdz/pebble-dev/PebbleSDK-2.9/Pebble/lib/libpebble.a(tmpycZPtxpebble.o)
                0x0000000000002eb0                wakeup_cancel
 .text.wakeup_cancel_all
                0x0000000000002ebc        0xc /Users/jorgerdz/pebble-dev/PebbleSDK-2.9/Pebble/lib/libpebble.a(tmpycZPtxpebble.o)
                0x0000000000002ebc                wakeup_cancel_all
 .text.wakeup_get_launch_event
                0x0000000000002ec8        0xc /Users/jorgerdz/pebble-dev/PebbleSDK-2.9/Pebble/lib/libpebble.a(tmpycZPtxpebble.o)
                0x0000000000002ec8                wakeup_get_launch_event
 .text.wakeup_schedule
                0x0000000000002ed4        0xc /Users/jorgerdz/pebble-dev/PebbleSDK-2.9/Pebble/lib/libpebble.a(tmpycZPtxpebble.o)
                0x0000000000002ed4                wakeup_schedule
 .text.wakeup_service_subscribe
                0x0000000000002ee0        0xc /Users/jorgerdz/pebble-dev/PebbleSDK-2.9/Pebble/lib/libpebble.a(tmpycZPtxpebble.o)
                0x0000000000002ee0                wakeup_service_subscribe
 .text.clock_is_timezone_set
                0x0000000000002eec        0xc /Users/jorgerdz/pebble-dev/PebbleSDK-2.9/Pebble/lib/libpebble.a(tmpycZPtxpebble.o)
                0x0000000000002eec                clock_is_timezone_set
 *(.rodata)
 *(.rodata*)
 .rodata.str1.1
                0x0000000000002ef8       0x26 src/simply/simply_msg.c.12.o
 .rodata.str1.1
                0x0000000000002f1e       0x16 src/simply/simply_stage.c.12.o
 .rodata.str1.1
                0x0000000000002f34       0x7d src/simply/simply_ui.c.12.o

.glue_7         0x0000000000002fb4        0x0
 .glue_7        0x0000000000000000        0x0 linker stubs

.glue_7t        0x0000000000002fb4        0x0
 .glue_7t       0x0000000000000000        0x0 linker stubs

.vfp11_veneer   0x0000000000002fb4        0x0
 .vfp11_veneer  0x0000000000000000        0x0 linker stubs

.v4_bx          0x0000000000002fb4        0x0
 .v4_bx         0x0000000000000000        0x0 linker stubs

.iplt           0x0000000000002fb4        0x0
 .iplt          0x0000000000000000        0x0 /Users/jorgerdz/pebble-dev/PebbleSDK-2.9/arm-cs-tools/bin/../lib/gcc/arm-none-eabi/4.7.2/thumb2/crtbegin.o

.rel.dyn        0x0000000000002fb4        0x0
 .rel.iplt      0x0000000000000000        0x0 /Users/jorgerdz/pebble-dev/PebbleSDK-2.9/arm-cs-tools/bin/../lib/gcc/arm-none-eabi/4.7.2/thumb2/crtbegin.o

.data           0x0000000000002fb4       0x79
 *(.data)
 .data          0x0000000000002fb4        0x0 /Users/jorgerdz/pebble-dev/PebbleSDK-2.9/arm-cs-tools/bin/../lib/gcc/arm-none-eabi/4.7.2/thumb2/crti.o
 .data          0x0000000000002fb4        0x4 /Users/jorgerdz/pebble-dev/PebbleSDK-2.9/arm-cs-tools/bin/../lib/gcc/arm-none-eabi/4.7.2/thumb2/crtbegin.o
                0x0000000000002fb4                __dso_handle
 .data          0x0000000000002fb8        0x0 src/main.c.12.o
 .data          0x0000000000002fb8        0x0 src/simply/simply.c.12.o
 .data          0x0000000000002fb8        0x0 src/simply/simply_accel.c.12.o
 .data          0x0000000000002fb8       0x10 src/simply/simply_menu.c.12.o
 .data          0x0000000000002fc8        0x0 src/simply/simply_msg.c.12.o
 .data          0x0000000000002fc8        0x0 src/simply/simply_res.c.12.o
 .data          0x0000000000002fc8        0x0 src/simply/simply_splash.c.12.o
 .data          0x0000000000002fc8       0x10 src/simply/simply_stage.c.12.o
 .data          0x0000000000002fd8       0x10 src/simply/simply_ui.c.12.o
 .data          0x0000000000002fe8        0x0 src/simply/simply_wakeup.c.12.o
 .data          0x0000000000002fe8        0x0 src/simply/simply_window.c.12.o
 .data          0x0000000000002fe8        0x0 src/simply/simply_window_stack.c.12.o
 .data          0x0000000000002fe8        0x0 appinfo.auto.c.12.o
 .data          0x0000000000002fe8        0x0 /Users/jorgerdz/pebble-dev/PebbleSDK-2.9/Pebble/lib/libpebble.a(tmpycZPtxpebble.o)
 .data          0x0000000000002fe8        0x0 /Users/jorgerdz/pebble-dev/PebbleSDK-2.9/arm-cs-tools/bin/../lib/gcc/arm-none-eabi/4.7.2/thumb2/crtend.o
 .data          0x0000000000002fe8        0x0 /Users/jorgerdz/pebble-dev/PebbleSDK-2.9/arm-cs-tools/bin/../lib/gcc/arm-none-eabi/4.7.2/thumb2/crtn.o
 *(.data.*)
 .data.rel.ro.implementation.7429
                0x0000000000002fe8       0x14 src/simply/simply_stage.c.12.o
 .data.rel.local.STYLES
                0x0000000000002ffc       0x30 src/simply/simply_ui.c.12.o
 .data.s_broadcast_window
                0x000000000000302c        0x1 src/simply/simply_window_stack.c.12.o

.igot.plt       0x0000000000003030        0x0
 .igot.plt      0x0000000000000000        0x0 /Users/jorgerdz/pebble-dev/PebbleSDK-2.9/arm-cs-tools/bin/../lib/gcc/arm-none-eabi/4.7.2/thumb2/crtbegin.o

.bss            0x0000000000003030      0x118
 *(.bss)
 *(.bss.*)
 .bss.s_accel   0x0000000000003030        0x4 src/simply/simply_accel.c.12.o
 .bss.EMPTY_TITLE
                0x0000000000003034        0x1 src/simply/simply_menu.c.12.o
 *fill*         0x0000000000003035        0x3 
 .bss.s_provider.7095
                0x0000000000003038        0x4 src/simply/simply_menu.c.12.o
 .bss.s_has_communicated
                0x000000000000303c        0x1 src/simply/simply_msg.c.12.o
 *fill*         0x000000000000303d        0x3 
 .bss.s_msg     0x0000000000003040        0x4 src/simply/simply_msg.c.12.o
 .bss.time_text.7330
                0x0000000000003044      0x100 src/simply/simply_stage.c.12.o
 .bss.s_provider.7110
                0x0000000000003144        0x4 src/simply/simply_window.c.12.o

DISCARD
 libc.a(*)
 libm.a(*)
 libgcc.a(*)
 *(.eh_frame)
OUTPUT(/Users/jorgerdz/Documents/Programming/lifxpebble/build/aplite/pebble-app.elf elf32-littlearm)

.ARM.attributes
                0x0000000000000000       0x27
 .ARM.attributes
                0x0000000000000000       0x19 /Users/jorgerdz/pebble-dev/PebbleSDK-2.9/arm-cs-tools/bin/../lib/gcc/arm-none-eabi/4.7.2/thumb2/crti.o
 .ARM.attributes
                0x0000000000000019       0x29 /Users/jorgerdz/pebble-dev/PebbleSDK-2.9/arm-cs-tools/bin/../lib/gcc/arm-none-eabi/4.7.2/thumb2/crtbegin.o
 .ARM.attributes
                0x0000000000000042       0x33 src/main.c.12.o
 .ARM.attributes
                0x0000000000000075       0x33 src/simply/simply.c.12.o
 .ARM.attributes
                0x00000000000000a8       0x33 src/simply/simply_accel.c.12.o
 .ARM.attributes
                0x00000000000000db       0x33 src/simply/simply_menu.c.12.o
 .ARM.attributes
                0x000000000000010e       0x33 src/simply/simply_msg.c.12.o
 .ARM.attributes
                0x0000000000000141       0x33 src/simply/simply_res.c.12.o
 .ARM.attributes
                0x0000000000000174       0x33 src/simply/simply_splash.c.12.o
 .ARM.attributes
                0x00000000000001a7       0x33 src/simply/simply_stage.c.12.o
 .ARM.attributes
                0x00000000000001da       0x33 src/simply/simply_ui.c.12.o
 .ARM.attributes
                0x000000000000020d       0x33 src/simply/simply_wakeup.c.12.o
 .ARM.attributes
                0x0000000000000240       0x33 src/simply/simply_window.c.12.o
 .ARM.attributes
                0x0000000000000273       0x33 src/simply/simply_window_stack.c.12.o
 .ARM.attributes
                0x00000000000002a6       0x33 appinfo.auto.c.12.o
 .ARM.attributes
                0x00000000000002d9       0x21 /Users/jorgerdz/pebble-dev/PebbleSDK-2.9/Pebble/lib/libpebble.a(tmpycZPtxpebble.o)
 .ARM.attributes
                0x00000000000002fa       0x29 /Users/jorgerdz/pebble-dev/PebbleSDK-2.9/arm-cs-tools/bin/../lib/gcc/arm-none-eabi/4.7.2/thumb2/crtend.o
 .ARM.attributes
                0x0000000000000323       0x19 /Users/jorgerdz/pebble-dev/PebbleSDK-2.9/arm-cs-tools/bin/../lib/gcc/arm-none-eabi/4.7.2/thumb2/crtn.o

.comment        0x0000000000000000       0x4e
 .comment       0x0000000000000000       0x4e /Users/jorgerdz/pebble-dev/PebbleSDK-2.9/arm-cs-tools/bin/../lib/gcc/arm-none-eabi/4.7.2/thumb2/crtbegin.o
                                         0x4f (size before relaxing)
 .comment       0x0000000000000000       0x4f src/main.c.12.o
 .comment       0x0000000000000000       0x4f src/simply/simply.c.12.o
 .comment       0x0000000000000000       0x4f src/simply/simply_accel.c.12.o
 .comment       0x0000000000000000       0x4f src/simply/simply_menu.c.12.o
 .comment       0x0000000000000000       0x4f src/simply/simply_msg.c.12.o
 .comment       0x0000000000000000       0x4f src/simply/simply_res.c.12.o
 .comment       0x0000000000000000       0x4f src/simply/simply_splash.c.12.o
 .comment       0x0000000000000000       0x4f src/simply/simply_stage.c.12.o
 .comment       0x0000000000000000       0x4f src/simply/simply_ui.c.12.o
 .comment       0x0000000000000000       0x4f src/simply/simply_wakeup.c.12.o
 .comment       0x0000000000000000       0x4f src/simply/simply_window.c.12.o
 .comment       0x0000000000000000       0x4f src/simply/simply_window_stack.c.12.o
 .comment       0x0000000000000000       0x4f appinfo.auto.c.12.o
 .comment       0x0000000000000000       0x4f /Users/jorgerdz/pebble-dev/PebbleSDK-2.9/arm-cs-tools/bin/../lib/gcc/arm-none-eabi/4.7.2/thumb2/crtend.o

.debug_info     0x0000000000000000    0x126c0
 .debug_info    0x0000000000000000      0x235 src/main.c.12.o
 .debug_info    0x0000000000000235      0xc30 src/simply/simply.c.12.o
 .debug_info    0x0000000000000e65      0xd31 src/simply/simply_accel.c.12.o
 .debug_info    0x0000000000001b96     0x3302 src/simply/simply_menu.c.12.o
 .debug_info    0x0000000000004e98     0x22f4 src/simply/simply_msg.c.12.o
 .debug_info    0x000000000000718c     0x1049 src/simply/simply_res.c.12.o
 .debug_info    0x00000000000081d5      0x93b src/simply/simply_splash.c.12.o
 .debug_info    0x0000000000008b10     0x3f6b src/simply/simply_stage.c.12.o
 .debug_info    0x000000000000ca7b     0x2207 src/simply/simply_ui.c.12.o
 .debug_info    0x000000000000ec82      0xb03 src/simply/simply_wakeup.c.12.o
 .debug_info    0x000000000000f785     0x1d65 src/simply/simply_window.c.12.o
 .debug_info    0x00000000000114ea      0xebc src/simply/simply_window_stack.c.12.o
 .debug_info    0x00000000000123a6      0x31a appinfo.auto.c.12.o

.debug_abbrev   0x0000000000000000     0x303f
 .debug_abbrev  0x0000000000000000      0x14d src/main.c.12.o
 .debug_abbrev  0x000000000000014d      0x2b3 src/simply/simply.c.12.o
 .debug_abbrev  0x0000000000000400      0x354 src/simply/simply_accel.c.12.o
 .debug_abbrev  0x0000000000000754      0x597 src/simply/simply_menu.c.12.o
 .debug_abbrev  0x0000000000000ceb      0x598 src/simply/simply_msg.c.12.o
 .debug_abbrev  0x0000000000001283      0x3f6 src/simply/simply_res.c.12.o
 .debug_abbrev  0x0000000000001679      0x2d7 src/simply/simply_splash.c.12.o
 .debug_abbrev  0x0000000000001950      0x5fe src/simply/simply_stage.c.12.o
 .debug_abbrev  0x0000000000001f4e      0x523 src/simply/simply_ui.c.12.o
 .debug_abbrev  0x0000000000002471      0x30b src/simply/simply_wakeup.c.12.o
 .debug_abbrev  0x000000000000277c      0x4ea src/simply/simply_window.c.12.o
 .debug_abbrev  0x0000000000002c66      0x33b src/simply/simply_window_stack.c.12.o
 .debug_abbrev  0x0000000000002fa1       0x9e appinfo.auto.c.12.o

.debug_loc      0x0000000000000000     0x7294
 .debug_loc     0x0000000000000000       0x3e src/main.c.12.o
 .debug_loc     0x000000000000003e       0x7c src/simply/simply.c.12.o
 .debug_loc     0x00000000000000ba      0x4dc src/simply/simply_accel.c.12.o
 .debug_loc     0x0000000000000596     0x188c src/simply/simply_menu.c.12.o
 .debug_loc     0x0000000000001e22      0xbc9 src/simply/simply_msg.c.12.o
 .debug_loc     0x00000000000029eb      0xbb5 src/simply/simply_res.c.12.o
 .debug_loc     0x00000000000035a0      0x1ec src/simply/simply_splash.c.12.o
 .debug_loc     0x000000000000378c     0x169a src/simply/simply_stage.c.12.o
 .debug_loc     0x0000000000004e26     0x1060 src/simply/simply_ui.c.12.o
 .debug_loc     0x0000000000005e86      0x30e src/simply/simply_wakeup.c.12.o
 .debug_loc     0x0000000000006194      0xae8 src/simply/simply_window.c.12.o
 .debug_loc     0x0000000000006c7c      0x618 src/simply/simply_window_stack.c.12.o

.debug_aranges  0x0000000000000000      0x598
 .debug_aranges
                0x0000000000000000       0x20 src/main.c.12.o
 .debug_aranges
                0x0000000000000020       0x28 src/simply/simply.c.12.o
 .debug_aranges
                0x0000000000000048       0x50 src/simply/simply_accel.c.12.o
 .debug_aranges
                0x0000000000000098      0x100 src/simply/simply_menu.c.12.o
 .debug_aranges
                0x0000000000000198       0x88 src/simply/simply_msg.c.12.o
 .debug_aranges
                0x0000000000000220       0x78 src/simply/simply_res.c.12.o
 .debug_aranges
                0x0000000000000298       0x40 src/simply/simply_splash.c.12.o
 .debug_aranges
                0x00000000000002d8       0xe8 src/simply/simply_stage.c.12.o
 .debug_aranges
                0x00000000000003c0       0x80 src/simply/simply_ui.c.12.o
 .debug_aranges
                0x0000000000000440       0x38 src/simply/simply_wakeup.c.12.o
 .debug_aranges
                0x0000000000000478       0xa0 src/simply/simply_window.c.12.o
 .debug_aranges
                0x0000000000000518       0x68 src/simply/simply_window_stack.c.12.o
 .debug_aranges
                0x0000000000000580       0x18 appinfo.auto.c.12.o

.debug_ranges   0x0000000000000000      0xfd8
 .debug_ranges  0x0000000000000000       0x10 src/main.c.12.o
 .debug_ranges  0x0000000000000010       0x18 src/simply/simply.c.12.o
 .debug_ranges  0x0000000000000028       0x88 src/simply/simply_accel.c.12.o
 .debug_ranges  0x00000000000000b0      0x268 src/simply/simply_menu.c.12.o
 .debug_ranges  0x0000000000000318      0x350 src/simply/simply_msg.c.12.o
 .debug_ranges  0x0000000000000668      0x140 src/simply/simply_res.c.12.o
 .debug_ranges  0x00000000000007a8       0x30 src/simply/simply_splash.c.12.o
 .debug_ranges  0x00000000000007d8      0x398 src/simply/simply_stage.c.12.o
 .debug_ranges  0x0000000000000b70      0x1c0 src/simply/simply_ui.c.12.o
 .debug_ranges  0x0000000000000d30       0x88 src/simply/simply_wakeup.c.12.o
 .debug_ranges  0x0000000000000db8      0x120 src/simply/simply_window.c.12.o
 .debug_ranges  0x0000000000000ed8      0x100 src/simply/simply_window_stack.c.12.o

.debug_line     0x0000000000000000     0x31a7
 .debug_line    0x0000000000000000       0x9f src/main.c.12.o
 .debug_line    0x000000000000009f      0x2c3 src/simply/simply.c.12.o
 .debug_line    0x0000000000000362      0x2c8 src/simply/simply_accel.c.12.o
 .debug_line    0x000000000000062a      0x737 src/simply/simply_menu.c.12.o
 .debug_line    0x0000000000000d61      0x50f src/simply/simply_msg.c.12.o
 .debug_line    0x0000000000001270      0x3d4 src/simply/simply_res.c.12.o
 .debug_line    0x0000000000001644      0x265 src/simply/simply_splash.c.12.o
 .debug_line    0x00000000000018a9      0x773 src/simply/simply_stage.c.12.o
 .debug_line    0x000000000000201c      0x57a src/simply/simply_ui.c.12.o
 .debug_line    0x0000000000002596      0x314 src/simply/simply_wakeup.c.12.o
 .debug_line    0x00000000000028aa      0x47e src/simply/simply_window.c.12.o
 .debug_line    0x0000000000002d28      0x35d src/simply/simply_window_stack.c.12.o
 .debug_line    0x0000000000003085      0x122 appinfo.auto.c.12.o

.debug_str      0x0000000000000000     0x3f66
 .debug_str     0x0000000000000000      0x17f src/main.c.12.o
                                        0x1be (size before relaxing)
 .debug_str     0x000000000000017f      0x471 src/simply/simply.c.12.o
                                        0x69e (size before relaxing)
 .debug_str     0x00000000000005f0      0x675 src/simply/simply_accel.c.12.o
                                        0x98f (size before relaxing)
 .debug_str     0x0000000000000c65      0xbc0 src/simply/simply_menu.c.12.o
                                       0x152a (size before relaxing)
 .debug_str     0x0000000000001825      0x80b src/simply/simply_msg.c.12.o
                                       0x127d (size before relaxing)
 .debug_str     0x0000000000002030      0x270 src/simply/simply_res.c.12.o
                                        0x5c2 (size before relaxing)
 .debug_str     0x00000000000022a0      0x152 src/simply/simply_splash.c.12.o
                                        0x51e (size before relaxing)
 .debug_str     0x00000000000023f2      0xe9e src/simply/simply_stage.c.12.o
                                       0x1b5e (size before relaxing)
 .debug_str     0x0000000000003290      0x315 src/simply/simply_ui.c.12.o
                                       0x134d (size before relaxing)
 .debug_str     0x00000000000035a5      0x231 src/simply/simply_wakeup.c.12.o
                                        0x8d4 (size before relaxing)
 .debug_str     0x00000000000037d6      0x4da src/simply/simply_window.c.12.o
                                       0x1077 (size before relaxing)
 .debug_str     0x0000000000003cb0      0x166 src/simply/simply_window_stack.c.12.o
                                        0xa68 (size before relaxing)
 .debug_str     0x0000000000003e16      0x150 appinfo.auto.c.12.o
                                        0x2ed (size before relaxing)

.debug_frame    0x0000000000000000      0xf30
 .debug_frame   0x0000000000000000       0x28 src/main.c.12.o
 .debug_frame   0x0000000000000028       0x40 src/simply/simply.c.12.o
 .debug_frame   0x0000000000000068       0xd0 src/simply/simply_accel.c.12.o
 .debug_frame   0x0000000000000138      0x2fc src/simply/simply_menu.c.12.o
 .debug_frame   0x0000000000000434      0x178 src/simply/simply_msg.c.12.o
 .debug_frame   0x00000000000005ac      0x144 src/simply/simply_res.c.12.o
 .debug_frame   0x00000000000006f0       0x9c src/simply/simply_splash.c.12.o
 .debug_frame   0x000000000000078c      0x2a8 src/simply/simply_stage.c.12.o
 .debug_frame   0x0000000000000a34      0x180 src/simply/simply_ui.c.12.o
 .debug_frame   0x0000000000000bb4       0x7c src/simply/simply_wakeup.c.12.o
 .debug_frame   0x0000000000000c30      0x1ec src/simply/simply_window.c.12.o
 .debug_frame   0x0000000000000e1c      0x114 src/simply/simply_window_stack.c.12.o
